client/src/components/financial/recurring-form.tsx(74,13): error TS2353: Object literal may only specify known properties, and 'interval' does not exist in type 'AsyncDefaultValues<{ name: string; type: string; category: string; amount: string; frequency: string; nextExecutionDate: Date; clientId?: number | null | undefined; description?: string | null | undefined; ... 8 more ...; lastExecutionDate?: Date | ... 1 more ... | undefined; }> | { ...; }'.
client/src/components/financial/recurring-form.tsx(103,21): error TS2353: Object literal may only specify known properties, and 'startDate' does not exist in type '{ name: string; type: string; category: string; amount: string; frequency: string; nextExecutionDate: Date; clientId?: number | null | undefined; description?: string | null | undefined; ... 8 more ...; lastExecutionDate?: Date | ... 1 more ... | undefined; } | { ...; } | ResetAction<...>'.
client/src/components/financial/recurring-form.tsx(103,53): error TS2339: Property 'startDate' does not exist on type '{ id: number; name: string; type: string; createdAt: Date; updatedAt: Date; clientId: number | null; description: string | null; isActive: boolean; category: string; amount: string; ... 9 more ...; lastExecutionDate: Date | null; }'.
client/src/components/financial/recurring-form.tsx(112,21): error TS2353: Object literal may only specify known properties, and 'interval' does not exist in type '{ name: string; type: string; category: string; amount: string; frequency: string; nextExecutionDate: Date; clientId?: number | null | undefined; description?: string | null | undefined; ... 8 more ...; lastExecutionDate?: Date | ... 1 more ... | undefined; } | { ...; } | ResetAction<...>'.
client/src/components/financial/recurring-form.tsx(191,55): error TS2345: Argument of type '(values: FormValues) => void' is not assignable to parameter of type 'SubmitHandler<TFieldValues>'.
  Types of parameters 'values' and 'data' are incompatible.
    Type 'TFieldValues' is not assignable to type '{ name: string; type: string; category: string; amount: string; frequency: string; nextExecutionDate: Date; clientId?: number | null | undefined; description?: string | null | undefined; ... 8 more ...; lastExecutionDate?: Date | ... 1 more ... | undefined; }'.
      Type 'FieldValues' is missing the following properties from type '{ name: string; type: string; category: string; amount: string; frequency: string; nextExecutionDate: Date; clientId?: number | null | undefined; description?: string | null | undefined; ... 8 more ...; lastExecutionDate?: Date | ... 1 more ... | undefined; }': name, type, category, amount, and 2 more.
client/src/components/financial/recurring-form.tsx(195,33): error TS2322: Type 'Control<{ name: string; type: string; category: string; amount: string; frequency: string; nextExecutionDate: Date; clientId?: number | null | undefined; description?: string | null | undefined; ... 8 more ...; lastExecutionDate?: Date | ... 1 more ... | undefined; }, any, TFieldValues>' is not assignable to type 'Control<{ name: string; type: string; category: string; amount: string; frequency: string; nextExecutionDate: Date; clientId?: number | null | undefined; description?: string | null | undefined; ... 8 more ...; lastExecutionDate?: Date | ... 1 more ... | undefined; }, any, { ...; }>'.
  The types of '_options.resolver' are incompatible between these types.
    Type 'Resolver<{ name: string; type: string; category: string; amount: string; frequency: string; nextExecutionDate: Date; clientId?: number | null | undefined; description?: string | null | undefined; ... 8 more ...; lastExecutionDate?: Date | ... 1 more ... | undefined; }, any, TFieldValues> | undefined' is not assignable to type 'Resolver<{ name: string; type: string; category: string; amount: string; frequency: string; nextExecutionDate: Date; clientId?: number | null | undefined; description?: string | null | undefined; ... 8 more ...; lastExecutionDate?: Date | ... 1 more ... | undefined; }, any, { ...; }> | undefined'.
      Type 'Resolver<{ name: string; type: string; category: string; amount: string; frequency: string; nextExecutionDate: Date; clientId?: number | null | undefined; description?: string | null | undefined; ... 8 more ...; lastExecutionDate?: Date | ... 1 more ... | undefined; }, any, TFieldValues>' is not assignable to type 'Resolver<{ name: string; type: string; category: string; amount: string; frequency: string; nextExecutionDate: Date; clientId?: number | null | undefined; description?: string | null | undefined; ... 8 more ...; lastExecutionDate?: Date | ... 1 more ... | undefined; }, any, { ...; }>'.
        Type 'ResolverResult<{ name: string; type: string; category: string; amount: string; frequency: string; nextExecutionDate: Date; clientId?: number | null | undefined; description?: string | null | undefined; ... 8 more ...; lastExecutionDate?: Date | ... 1 more ... | undefined; }, TFieldValues> | Promise<...>' is not assignable to type 'ResolverResult<{ name: string; type: string; category: string; amount: string; frequency: string; nextExecutionDate: Date; clientId?: number | null | undefined; description?: string | null | undefined; ... 8 more ...; lastExecutionDate?: Date | ... 1 more ... | undefined; }, { ...; }> | Promise<...>'.
          Type 'ResolverSuccess<TFieldValues>' is not assignable to type 'ResolverResult<{ name: string; type: string; category: string; amount: string; frequency: string; nextExecutionDate: Date; clientId?: number | null | undefined; description?: string | null | undefined; ... 8 more ...; lastExecutionDate?: Date | ... 1 more ... | undefined; }, { ...; }> | Promise<...>'.
            Type 'ResolverSuccess<TFieldValues>' is not assignable to type 'ResolverSuccess<{ name: string; type: string; category: string; amount: string; frequency: string; nextExecutionDate: Date; clientId?: number | null | undefined; description?: string | null | undefined; ... 8 more ...; lastExecutionDate?: Date | ... 1 more ... | undefined; }>'.
              Type 'TFieldValues' is not assignable to type '{ name: string; type: string; category: string; amount: string; frequency: string; nextExecutionDate: Date; clientId?: number | null | undefined; description?: string | null | undefined; ... 8 more ...; lastExecutionDate?: Date | ... 1 more ... | undefined; }'.
                Type 'FieldValues' is missing the following properties from type '{ name: string; type: string; category: string; amount: string; frequency: string; nextExecutionDate: Date; clientId?: number | null | undefined; description?: string | null | undefined; ... 8 more ...; lastExecutionDate?: Date | ... 1 more ... | undefined; }': name, type, category, amount, and 2 more.
client/src/components/financial/recurring-form.tsx(209,33): error TS2322: Type 'Control<{ name: string; type: string; category: string; amount: string; frequency: string; nextExecutionDate: Date; clientId?: number | null | undefined; description?: string | null | undefined; ... 8 more ...; lastExecutionDate?: Date | ... 1 more ... | undefined; }, any, TFieldValues>' is not assignable to type 'Control<{ name: string; type: string; category: string; amount: string; frequency: string; nextExecutionDate: Date; clientId?: number | null | undefined; description?: string | null | undefined; ... 8 more ...; lastExecutionDate?: Date | ... 1 more ... | undefined; }, any, { ...; }>'.
  The types of '_options.resolver' are incompatible between these types.
    Type 'Resolver<{ name: string; type: string; category: string; amount: string; frequency: string; nextExecutionDate: Date; clientId?: number | null | undefined; description?: string | null | undefined; ... 8 more ...; lastExecutionDate?: Date | ... 1 more ... | undefined; }, any, TFieldValues> | undefined' is not assignable to type 'Resolver<{ name: string; type: string; category: string; amount: string; frequency: string; nextExecutionDate: Date; clientId?: number | null | undefined; description?: string | null | undefined; ... 8 more ...; lastExecutionDate?: Date | ... 1 more ... | undefined; }, any, { ...; }> | undefined'.
      Type 'Resolver<{ name: string; type: string; category: string; amount: string; frequency: string; nextExecutionDate: Date; clientId?: number | null | undefined; description?: string | null | undefined; ... 8 more ...; lastExecutionDate?: Date | ... 1 more ... | undefined; }, any, TFieldValues>' is not assignable to type 'Resolver<{ name: string; type: string; category: string; amount: string; frequency: string; nextExecutionDate: Date; clientId?: number | null | undefined; description?: string | null | undefined; ... 8 more ...; lastExecutionDate?: Date | ... 1 more ... | undefined; }, any, { ...; }>'.
        Type 'ResolverResult<{ name: string; type: string; category: string; amount: string; frequency: string; nextExecutionDate: Date; clientId?: number | null | undefined; description?: string | null | undefined; ... 8 more ...; lastExecutionDate?: Date | ... 1 more ... | undefined; }, TFieldValues> | Promise<...>' is not assignable to type 'ResolverResult<{ name: string; type: string; category: string; amount: string; frequency: string; nextExecutionDate: Date; clientId?: number | null | undefined; description?: string | null | undefined; ... 8 more ...; lastExecutionDate?: Date | ... 1 more ... | undefined; }, { ...; }> | Promise<...>'.
          Type 'ResolverSuccess<TFieldValues>' is not assignable to type 'ResolverResult<{ name: string; type: string; category: string; amount: string; frequency: string; nextExecutionDate: Date; clientId?: number | null | undefined; description?: string | null | undefined; ... 8 more ...; lastExecutionDate?: Date | ... 1 more ... | undefined; }, { ...; }> | Promise<...>'.
            Type 'ResolverSuccess<TFieldValues>' is not assignable to type 'ResolverSuccess<{ name: string; type: string; category: string; amount: string; frequency: string; nextExecutionDate: Date; clientId?: number | null | undefined; description?: string | null | undefined; ... 8 more ...; lastExecutionDate?: Date | ... 1 more ... | undefined; }>'.
              Type 'TFieldValues' is not assignable to type '{ name: string; type: string; category: string; amount: string; frequency: string; nextExecutionDate: Date; clientId?: number | null | undefined; description?: string | null | undefined; ... 8 more ...; lastExecutionDate?: Date | ... 1 more ... | undefined; }'.
                Type 'FieldValues' is missing the following properties from type '{ name: string; type: string; category: string; amount: string; frequency: string; nextExecutionDate: Date; clientId?: number | null | undefined; description?: string | null | undefined; ... 8 more ...; lastExecutionDate?: Date | ... 1 more ... | undefined; }': name, type, category, amount, and 2 more.
client/src/components/financial/recurring-form.tsx(242,37): error TS2322: Type 'Control<{ name: string; type: string; category: string; amount: string; frequency: string; nextExecutionDate: Date; clientId?: number | null | undefined; description?: string | null | undefined; ... 8 more ...; lastExecutionDate?: Date | ... 1 more ... | undefined; }, any, TFieldValues>' is not assignable to type 'Control<{ name: string; type: string; category: string; amount: string; frequency: string; nextExecutionDate: Date; clientId?: number | null | undefined; description?: string | null | undefined; ... 8 more ...; lastExecutionDate?: Date | ... 1 more ... | undefined; }, any, { ...; }>'.
  The types of '_options.resolver' are incompatible between these types.
    Type 'Resolver<{ name: string; type: string; category: string; amount: string; frequency: string; nextExecutionDate: Date; clientId?: number | null | undefined; description?: string | null | undefined; ... 8 more ...; lastExecutionDate?: Date | ... 1 more ... | undefined; }, any, TFieldValues> | undefined' is not assignable to type 'Resolver<{ name: string; type: string; category: string; amount: string; frequency: string; nextExecutionDate: Date; clientId?: number | null | undefined; description?: string | null | undefined; ... 8 more ...; lastExecutionDate?: Date | ... 1 more ... | undefined; }, any, { ...; }> | undefined'.
      Type 'Resolver<{ name: string; type: string; category: string; amount: string; frequency: string; nextExecutionDate: Date; clientId?: number | null | undefined; description?: string | null | undefined; ... 8 more ...; lastExecutionDate?: Date | ... 1 more ... | undefined; }, any, TFieldValues>' is not assignable to type 'Resolver<{ name: string; type: string; category: string; amount: string; frequency: string; nextExecutionDate: Date; clientId?: number | null | undefined; description?: string | null | undefined; ... 8 more ...; lastExecutionDate?: Date | ... 1 more ... | undefined; }, any, { ...; }>'.
        Type 'ResolverResult<{ name: string; type: string; category: string; amount: string; frequency: string; nextExecutionDate: Date; clientId?: number | null | undefined; description?: string | null | undefined; ... 8 more ...; lastExecutionDate?: Date | ... 1 more ... | undefined; }, TFieldValues> | Promise<...>' is not assignable to type 'ResolverResult<{ name: string; type: string; category: string; amount: string; frequency: string; nextExecutionDate: Date; clientId?: number | null | undefined; description?: string | null | undefined; ... 8 more ...; lastExecutionDate?: Date | ... 1 more ... | undefined; }, { ...; }> | Promise<...>'.
          Type 'ResolverSuccess<TFieldValues>' is not assignable to type 'ResolverResult<{ name: string; type: string; category: string; amount: string; frequency: string; nextExecutionDate: Date; clientId?: number | null | undefined; description?: string | null | undefined; ... 8 more ...; lastExecutionDate?: Date | ... 1 more ... | undefined; }, { ...; }> | Promise<...>'.
            Type 'ResolverSuccess<TFieldValues>' is not assignable to type 'ResolverSuccess<{ name: string; type: string; category: string; amount: string; frequency: string; nextExecutionDate: Date; clientId?: number | null | undefined; description?: string | null | undefined; ... 8 more ...; lastExecutionDate?: Date | ... 1 more ... | undefined; }>'.
              Type 'TFieldValues' is not assignable to type '{ name: string; type: string; category: string; amount: string; frequency: string; nextExecutionDate: Date; clientId?: number | null | undefined; description?: string | null | undefined; ... 8 more ...; lastExecutionDate?: Date | ... 1 more ... | undefined; }'.
                Type 'FieldValues' is missing the following properties from type '{ name: string; type: string; category: string; amount: string; frequency: string; nextExecutionDate: Date; clientId?: number | null | undefined; description?: string | null | undefined; ... 8 more ...; lastExecutionDate?: Date | ... 1 more ... | undefined; }': name, type, category, amount, and 2 more.
client/src/components/financial/recurring-form.tsx(259,37): error TS2322: Type 'Control<{ name: string; type: string; category: string; amount: string; frequency: string; nextExecutionDate: Date; clientId?: number | null | undefined; description?: string | null | undefined; ... 8 more ...; lastExecutionDate?: Date | ... 1 more ... | undefined; }, any, TFieldValues>' is not assignable to type 'Control<{ name: string; type: string; category: string; amount: string; frequency: string; nextExecutionDate: Date; clientId?: number | null | undefined; description?: string | null | undefined; ... 8 more ...; lastExecutionDate?: Date | ... 1 more ... | undefined; }, any, { ...; }>'.
  The types of '_options.resolver' are incompatible between these types.
    Type 'Resolver<{ name: string; type: string; category: string; amount: string; frequency: string; nextExecutionDate: Date; clientId?: number | null | undefined; description?: string | null | undefined; ... 8 more ...; lastExecutionDate?: Date | ... 1 more ... | undefined; }, any, TFieldValues> | undefined' is not assignable to type 'Resolver<{ name: string; type: string; category: string; amount: string; frequency: string; nextExecutionDate: Date; clientId?: number | null | undefined; description?: string | null | undefined; ... 8 more ...; lastExecutionDate?: Date | ... 1 more ... | undefined; }, any, { ...; }> | undefined'.
      Type 'Resolver<{ name: string; type: string; category: string; amount: string; frequency: string; nextExecutionDate: Date; clientId?: number | null | undefined; description?: string | null | undefined; ... 8 more ...; lastExecutionDate?: Date | ... 1 more ... | undefined; }, any, TFieldValues>' is not assignable to type 'Resolver<{ name: string; type: string; category: string; amount: string; frequency: string; nextExecutionDate: Date; clientId?: number | null | undefined; description?: string | null | undefined; ... 8 more ...; lastExecutionDate?: Date | ... 1 more ... | undefined; }, any, { ...; }>'.
        Type 'ResolverResult<{ name: string; type: string; category: string; amount: string; frequency: string; nextExecutionDate: Date; clientId?: number | null | undefined; description?: string | null | undefined; ... 8 more ...; lastExecutionDate?: Date | ... 1 more ... | undefined; }, TFieldValues> | Promise<...>' is not assignable to type 'ResolverResult<{ name: string; type: string; category: string; amount: string; frequency: string; nextExecutionDate: Date; clientId?: number | null | undefined; description?: string | null | undefined; ... 8 more ...; lastExecutionDate?: Date | ... 1 more ... | undefined; }, { ...; }> | Promise<...>'.
          Type 'ResolverSuccess<TFieldValues>' is not assignable to type 'ResolverResult<{ name: string; type: string; category: string; amount: string; frequency: string; nextExecutionDate: Date; clientId?: number | null | undefined; description?: string | null | undefined; ... 8 more ...; lastExecutionDate?: Date | ... 1 more ... | undefined; }, { ...; }> | Promise<...>'.
            Type 'ResolverSuccess<TFieldValues>' is not assignable to type 'ResolverSuccess<{ name: string; type: string; category: string; amount: string; frequency: string; nextExecutionDate: Date; clientId?: number | null | undefined; description?: string | null | undefined; ... 8 more ...; lastExecutionDate?: Date | ... 1 more ... | undefined; }>'.
              Type 'TFieldValues' is not assignable to type '{ name: string; type: string; category: string; amount: string; frequency: string; nextExecutionDate: Date; clientId?: number | null | undefined; description?: string | null | undefined; ... 8 more ...; lastExecutionDate?: Date | ... 1 more ... | undefined; }'.
                Type 'FieldValues' is missing the following properties from type '{ name: string; type: string; category: string; amount: string; frequency: string; nextExecutionDate: Date; clientId?: number | null | undefined; description?: string | null | undefined; ... 8 more ...; lastExecutionDate?: Date | ... 1 more ... | undefined; }': name, type, category, amount, and 2 more.
client/src/components/financial/recurring-form.tsx(278,33): error TS2322: Type 'Control<{ name: string; type: string; category: string; amount: string; frequency: string; nextExecutionDate: Date; clientId?: number | null | undefined; description?: string | null | undefined; ... 8 more ...; lastExecutionDate?: Date | ... 1 more ... | undefined; }, any, TFieldValues>' is not assignable to type 'Control<{ name: string; type: string; category: string; amount: string; frequency: string; nextExecutionDate: Date; clientId?: number | null | undefined; description?: string | null | undefined; ... 8 more ...; lastExecutionDate?: Date | ... 1 more ... | undefined; }, any, { ...; }>'.
  The types of '_options.resolver' are incompatible between these types.
    Type 'Resolver<{ name: string; type: string; category: string; amount: string; frequency: string; nextExecutionDate: Date; clientId?: number | null | undefined; description?: string | null | undefined; ... 8 more ...; lastExecutionDate?: Date | ... 1 more ... | undefined; }, any, TFieldValues> | undefined' is not assignable to type 'Resolver<{ name: string; type: string; category: string; amount: string; frequency: string; nextExecutionDate: Date; clientId?: number | null | undefined; description?: string | null | undefined; ... 8 more ...; lastExecutionDate?: Date | ... 1 more ... | undefined; }, any, { ...; }> | undefined'.
      Type 'Resolver<{ name: string; type: string; category: string; amount: string; frequency: string; nextExecutionDate: Date; clientId?: number | null | undefined; description?: string | null | undefined; ... 8 more ...; lastExecutionDate?: Date | ... 1 more ... | undefined; }, any, TFieldValues>' is not assignable to type 'Resolver<{ name: string; type: string; category: string; amount: string; frequency: string; nextExecutionDate: Date; clientId?: number | null | undefined; description?: string | null | undefined; ... 8 more ...; lastExecutionDate?: Date | ... 1 more ... | undefined; }, any, { ...; }>'.
        Type 'ResolverResult<{ name: string; type: string; category: string; amount: string; frequency: string; nextExecutionDate: Date; clientId?: number | null | undefined; description?: string | null | undefined; ... 8 more ...; lastExecutionDate?: Date | ... 1 more ... | undefined; }, TFieldValues> | Promise<...>' is not assignable to type 'ResolverResult<{ name: string; type: string; category: string; amount: string; frequency: string; nextExecutionDate: Date; clientId?: number | null | undefined; description?: string | null | undefined; ... 8 more ...; lastExecutionDate?: Date | ... 1 more ... | undefined; }, { ...; }> | Promise<...>'.
          Type 'ResolverSuccess<TFieldValues>' is not assignable to type 'ResolverResult<{ name: string; type: string; category: string; amount: string; frequency: string; nextExecutionDate: Date; clientId?: number | null | undefined; description?: string | null | undefined; ... 8 more ...; lastExecutionDate?: Date | ... 1 more ... | undefined; }, { ...; }> | Promise<...>'.
            Type 'ResolverSuccess<TFieldValues>' is not assignable to type 'ResolverSuccess<{ name: string; type: string; category: string; amount: string; frequency: string; nextExecutionDate: Date; clientId?: number | null | undefined; description?: string | null | undefined; ... 8 more ...; lastExecutionDate?: Date | ... 1 more ... | undefined; }>'.
              Type 'TFieldValues' is not assignable to type '{ name: string; type: string; category: string; amount: string; frequency: string; nextExecutionDate: Date; clientId?: number | null | undefined; description?: string | null | undefined; ... 8 more ...; lastExecutionDate?: Date | ... 1 more ... | undefined; }'.
                Type 'FieldValues' is missing the following properties from type '{ name: string; type: string; category: string; amount: string; frequency: string; nextExecutionDate: Date; clientId?: number | null | undefined; description?: string | null | undefined; ... 8 more ...; lastExecutionDate?: Date | ... 1 more ... | undefined; }': name, type, category, amount, and 2 more.
client/src/components/financial/recurring-form.tsx(300,33): error TS2322: Type 'Control<{ name: string; type: string; category: string; amount: string; frequency: string; nextExecutionDate: Date; clientId?: number | null | undefined; description?: string | null | undefined; ... 8 more ...; lastExecutionDate?: Date | ... 1 more ... | undefined; }, any, TFieldValues>' is not assignable to type 'Control<{ name: string; type: string; category: string; amount: string; frequency: string; nextExecutionDate: Date; clientId?: number | null | undefined; description?: string | null | undefined; ... 8 more ...; lastExecutionDate?: Date | ... 1 more ... | undefined; }, any, { ...; }>'.
  The types of '_options.resolver' are incompatible between these types.
    Type 'Resolver<{ name: string; type: string; category: string; amount: string; frequency: string; nextExecutionDate: Date; clientId?: number | null | undefined; description?: string | null | undefined; ... 8 more ...; lastExecutionDate?: Date | ... 1 more ... | undefined; }, any, TFieldValues> | undefined' is not assignable to type 'Resolver<{ name: string; type: string; category: string; amount: string; frequency: string; nextExecutionDate: Date; clientId?: number | null | undefined; description?: string | null | undefined; ... 8 more ...; lastExecutionDate?: Date | ... 1 more ... | undefined; }, any, { ...; }> | undefined'.
      Type 'Resolver<{ name: string; type: string; category: string; amount: string; frequency: string; nextExecutionDate: Date; clientId?: number | null | undefined; description?: string | null | undefined; ... 8 more ...; lastExecutionDate?: Date | ... 1 more ... | undefined; }, any, TFieldValues>' is not assignable to type 'Resolver<{ name: string; type: string; category: string; amount: string; frequency: string; nextExecutionDate: Date; clientId?: number | null | undefined; description?: string | null | undefined; ... 8 more ...; lastExecutionDate?: Date | ... 1 more ... | undefined; }, any, { ...; }>'.
        Type 'ResolverResult<{ name: string; type: string; category: string; amount: string; frequency: string; nextExecutionDate: Date; clientId?: number | null | undefined; description?: string | null | undefined; ... 8 more ...; lastExecutionDate?: Date | ... 1 more ... | undefined; }, TFieldValues> | Promise<...>' is not assignable to type 'ResolverResult<{ name: string; type: string; category: string; amount: string; frequency: string; nextExecutionDate: Date; clientId?: number | null | undefined; description?: string | null | undefined; ... 8 more ...; lastExecutionDate?: Date | ... 1 more ... | undefined; }, { ...; }> | Promise<...>'.
          Type 'ResolverSuccess<TFieldValues>' is not assignable to type 'ResolverResult<{ name: string; type: string; category: string; amount: string; frequency: string; nextExecutionDate: Date; clientId?: number | null | undefined; description?: string | null | undefined; ... 8 more ...; lastExecutionDate?: Date | ... 1 more ... | undefined; }, { ...; }> | Promise<...>'.
            Type 'ResolverSuccess<TFieldValues>' is not assignable to type 'ResolverSuccess<{ name: string; type: string; category: string; amount: string; frequency: string; nextExecutionDate: Date; clientId?: number | null | undefined; description?: string | null | undefined; ... 8 more ...; lastExecutionDate?: Date | ... 1 more ... | undefined; }>'.
              Type 'TFieldValues' is not assignable to type '{ name: string; type: string; category: string; amount: string; frequency: string; nextExecutionDate: Date; clientId?: number | null | undefined; description?: string | null | undefined; ... 8 more ...; lastExecutionDate?: Date | ... 1 more ... | undefined; }'.
                Type 'FieldValues' is missing the following properties from type '{ name: string; type: string; category: string; amount: string; frequency: string; nextExecutionDate: Date; clientId?: number | null | undefined; description?: string | null | undefined; ... 8 more ...; lastExecutionDate?: Date | ... 1 more ... | undefined; }': name, type, category, amount, and 2 more.
client/src/components/financial/recurring-form.tsx(314,33): error TS2322: Type 'Control<{ name: string; type: string; category: string; amount: string; frequency: string; nextExecutionDate: Date; clientId?: number | null | undefined; description?: string | null | undefined; ... 8 more ...; lastExecutionDate?: Date | ... 1 more ... | undefined; }, any, TFieldValues>' is not assignable to type 'Control<{ name: string; type: string; category: string; amount: string; frequency: string; nextExecutionDate: Date; clientId?: number | null | undefined; description?: string | null | undefined; ... 8 more ...; lastExecutionDate?: Date | ... 1 more ... | undefined; }, any, { ...; }>'.
  The types of '_options.resolver' are incompatible between these types.
    Type 'Resolver<{ name: string; type: string; category: string; amount: string; frequency: string; nextExecutionDate: Date; clientId?: number | null | undefined; description?: string | null | undefined; ... 8 more ...; lastExecutionDate?: Date | ... 1 more ... | undefined; }, any, TFieldValues> | undefined' is not assignable to type 'Resolver<{ name: string; type: string; category: string; amount: string; frequency: string; nextExecutionDate: Date; clientId?: number | null | undefined; description?: string | null | undefined; ... 8 more ...; lastExecutionDate?: Date | ... 1 more ... | undefined; }, any, { ...; }> | undefined'.
      Type 'Resolver<{ name: string; type: string; category: string; amount: string; frequency: string; nextExecutionDate: Date; clientId?: number | null | undefined; description?: string | null | undefined; ... 8 more ...; lastExecutionDate?: Date | ... 1 more ... | undefined; }, any, TFieldValues>' is not assignable to type 'Resolver<{ name: string; type: string; category: string; amount: string; frequency: string; nextExecutionDate: Date; clientId?: number | null | undefined; description?: string | null | undefined; ... 8 more ...; lastExecutionDate?: Date | ... 1 more ... | undefined; }, any, { ...; }>'.
        Type 'ResolverResult<{ name: string; type: string; category: string; amount: string; frequency: string; nextExecutionDate: Date; clientId?: number | null | undefined; description?: string | null | undefined; ... 8 more ...; lastExecutionDate?: Date | ... 1 more ... | undefined; }, TFieldValues> | Promise<...>' is not assignable to type 'ResolverResult<{ name: string; type: string; category: string; amount: string; frequency: string; nextExecutionDate: Date; clientId?: number | null | undefined; description?: string | null | undefined; ... 8 more ...; lastExecutionDate?: Date | ... 1 more ... | undefined; }, { ...; }> | Promise<...>'.
          Type 'ResolverSuccess<TFieldValues>' is not assignable to type 'ResolverResult<{ name: string; type: string; category: string; amount: string; frequency: string; nextExecutionDate: Date; clientId?: number | null | undefined; description?: string | null | undefined; ... 8 more ...; lastExecutionDate?: Date | ... 1 more ... | undefined; }, { ...; }> | Promise<...>'.
            Type 'ResolverSuccess<TFieldValues>' is not assignable to type 'ResolverSuccess<{ name: string; type: string; category: string; amount: string; frequency: string; nextExecutionDate: Date; clientId?: number | null | undefined; description?: string | null | undefined; ... 8 more ...; lastExecutionDate?: Date | ... 1 more ... | undefined; }>'.
              Type 'TFieldValues' is not assignable to type '{ name: string; type: string; category: string; amount: string; frequency: string; nextExecutionDate: Date; clientId?: number | null | undefined; description?: string | null | undefined; ... 8 more ...; lastExecutionDate?: Date | ... 1 more ... | undefined; }'.
                Type 'FieldValues' is missing the following properties from type '{ name: string; type: string; category: string; amount: string; frequency: string; nextExecutionDate: Date; clientId?: number | null | undefined; description?: string | null | undefined; ... 8 more ...; lastExecutionDate?: Date | ... 1 more ... | undefined; }': name, type, category, amount, and 2 more.
client/src/components/financial/recurring-form.tsx(327,33): error TS2322: Type 'Control<{ name: string; type: string; category: string; amount: string; frequency: string; nextExecutionDate: Date; clientId?: number | null | undefined; description?: string | null | undefined; ... 8 more ...; lastExecutionDate?: Date | ... 1 more ... | undefined; }, any, TFieldValues>' is not assignable to type 'Control<{ name: string; type: string; category: string; amount: string; frequency: string; nextExecutionDate: Date; clientId?: number | null | undefined; description?: string | null | undefined; ... 8 more ...; lastExecutionDate?: Date | ... 1 more ... | undefined; }, any, { ...; }>'.
  The types of '_options.resolver' are incompatible between these types.
    Type 'Resolver<{ name: string; type: string; category: string; amount: string; frequency: string; nextExecutionDate: Date; clientId?: number | null | undefined; description?: string | null | undefined; ... 8 more ...; lastExecutionDate?: Date | ... 1 more ... | undefined; }, any, TFieldValues> | undefined' is not assignable to type 'Resolver<{ name: string; type: string; category: string; amount: string; frequency: string; nextExecutionDate: Date; clientId?: number | null | undefined; description?: string | null | undefined; ... 8 more ...; lastExecutionDate?: Date | ... 1 more ... | undefined; }, any, { ...; }> | undefined'.
      Type 'Resolver<{ name: string; type: string; category: string; amount: string; frequency: string; nextExecutionDate: Date; clientId?: number | null | undefined; description?: string | null | undefined; ... 8 more ...; lastExecutionDate?: Date | ... 1 more ... | undefined; }, any, TFieldValues>' is not assignable to type 'Resolver<{ name: string; type: string; category: string; amount: string; frequency: string; nextExecutionDate: Date; clientId?: number | null | undefined; description?: string | null | undefined; ... 8 more ...; lastExecutionDate?: Date | ... 1 more ... | undefined; }, any, { ...; }>'.
        Type 'ResolverResult<{ name: string; type: string; category: string; amount: string; frequency: string; nextExecutionDate: Date; clientId?: number | null | undefined; description?: string | null | undefined; ... 8 more ...; lastExecutionDate?: Date | ... 1 more ... | undefined; }, TFieldValues> | Promise<...>' is not assignable to type 'ResolverResult<{ name: string; type: string; category: string; amount: string; frequency: string; nextExecutionDate: Date; clientId?: number | null | undefined; description?: string | null | undefined; ... 8 more ...; lastExecutionDate?: Date | ... 1 more ... | undefined; }, { ...; }> | Promise<...>'.
          Type 'ResolverSuccess<TFieldValues>' is not assignable to type 'ResolverResult<{ name: string; type: string; category: string; amount: string; frequency: string; nextExecutionDate: Date; clientId?: number | null | undefined; description?: string | null | undefined; ... 8 more ...; lastExecutionDate?: Date | ... 1 more ... | undefined; }, { ...; }> | Promise<...>'.
            Type 'ResolverSuccess<TFieldValues>' is not assignable to type 'ResolverSuccess<{ name: string; type: string; category: string; amount: string; frequency: string; nextExecutionDate: Date; clientId?: number | null | undefined; description?: string | null | undefined; ... 8 more ...; lastExecutionDate?: Date | ... 1 more ... | undefined; }>'.
              Type 'TFieldValues' is not assignable to type '{ name: string; type: string; category: string; amount: string; frequency: string; nextExecutionDate: Date; clientId?: number | null | undefined; description?: string | null | undefined; ... 8 more ...; lastExecutionDate?: Date | ... 1 more ... | undefined; }'.
                Type 'FieldValues' is missing the following properties from type '{ name: string; type: string; category: string; amount: string; frequency: string; nextExecutionDate: Date; clientId?: number | null | undefined; description?: string | null | undefined; ... 8 more ...; lastExecutionDate?: Date | ... 1 more ... | undefined; }': name, type, category, amount, and 2 more.
client/src/components/financial/recurring-form.tsx(343,33): error TS2322: Type 'Control<{ name: string; type: string; category: string; amount: string; frequency: string; nextExecutionDate: Date; clientId?: number | null | undefined; description?: string | null | undefined; ... 8 more ...; lastExecutionDate?: Date | ... 1 more ... | undefined; }, any, TFieldValues>' is not assignable to type 'Control<{ name: string; type: string; category: string; amount: string; frequency: string; nextExecutionDate: Date; clientId?: number | null | undefined; description?: string | null | undefined; ... 8 more ...; lastExecutionDate?: Date | ... 1 more ... | undefined; }, any, { ...; }>'.
  The types of '_options.resolver' are incompatible between these types.
    Type 'Resolver<{ name: string; type: string; category: string; amount: string; frequency: string; nextExecutionDate: Date; clientId?: number | null | undefined; description?: string | null | undefined; ... 8 more ...; lastExecutionDate?: Date | ... 1 more ... | undefined; }, any, TFieldValues> | undefined' is not assignable to type 'Resolver<{ name: string; type: string; category: string; amount: string; frequency: string; nextExecutionDate: Date; clientId?: number | null | undefined; description?: string | null | undefined; ... 8 more ...; lastExecutionDate?: Date | ... 1 more ... | undefined; }, any, { ...; }> | undefined'.
      Type 'Resolver<{ name: string; type: string; category: string; amount: string; frequency: string; nextExecutionDate: Date; clientId?: number | null | undefined; description?: string | null | undefined; ... 8 more ...; lastExecutionDate?: Date | ... 1 more ... | undefined; }, any, TFieldValues>' is not assignable to type 'Resolver<{ name: string; type: string; category: string; amount: string; frequency: string; nextExecutionDate: Date; clientId?: number | null | undefined; description?: string | null | undefined; ... 8 more ...; lastExecutionDate?: Date | ... 1 more ... | undefined; }, any, { ...; }>'.
        Type 'ResolverResult<{ name: string; type: string; category: string; amount: string; frequency: string; nextExecutionDate: Date; clientId?: number | null | undefined; description?: string | null | undefined; ... 8 more ...; lastExecutionDate?: Date | ... 1 more ... | undefined; }, TFieldValues> | Promise<...>' is not assignable to type 'ResolverResult<{ name: string; type: string; category: string; amount: string; frequency: string; nextExecutionDate: Date; clientId?: number | null | undefined; description?: string | null | undefined; ... 8 more ...; lastExecutionDate?: Date | ... 1 more ... | undefined; }, { ...; }> | Promise<...>'.
          Type 'ResolverSuccess<TFieldValues>' is not assignable to type 'ResolverResult<{ name: string; type: string; category: string; amount: string; frequency: string; nextExecutionDate: Date; clientId?: number | null | undefined; description?: string | null | undefined; ... 8 more ...; lastExecutionDate?: Date | ... 1 more ... | undefined; }, { ...; }> | Promise<...>'.
            Type 'ResolverSuccess<TFieldValues>' is not assignable to type 'ResolverSuccess<{ name: string; type: string; category: string; amount: string; frequency: string; nextExecutionDate: Date; clientId?: number | null | undefined; description?: string | null | undefined; ... 8 more ...; lastExecutionDate?: Date | ... 1 more ... | undefined; }>'.
              Type 'TFieldValues' is not assignable to type '{ name: string; type: string; category: string; amount: string; frequency: string; nextExecutionDate: Date; clientId?: number | null | undefined; description?: string | null | undefined; ... 8 more ...; lastExecutionDate?: Date | ... 1 more ... | undefined; }'.
                Type 'FieldValues' is missing the following properties from type '{ name: string; type: string; category: string; amount: string; frequency: string; nextExecutionDate: Date; clientId?: number | null | undefined; description?: string | null | undefined; ... 8 more ...; lastExecutionDate?: Date | ... 1 more ... | undefined; }': name, type, category, amount, and 2 more.
client/src/components/financial/recurring-form.tsx(366,33): error TS2322: Type 'Control<{ name: string; type: string; category: string; amount: string; frequency: string; nextExecutionDate: Date; clientId?: number | null | undefined; description?: string | null | undefined; ... 8 more ...; lastExecutionDate?: Date | ... 1 more ... | undefined; }, any, TFieldValues>' is not assignable to type 'Control<{ name: string; type: string; category: string; amount: string; frequency: string; nextExecutionDate: Date; clientId?: number | null | undefined; description?: string | null | undefined; ... 8 more ...; lastExecutionDate?: Date | ... 1 more ... | undefined; }, any, { ...; }>'.
  The types of '_options.resolver' are incompatible between these types.
    Type 'Resolver<{ name: string; type: string; category: string; amount: string; frequency: string; nextExecutionDate: Date; clientId?: number | null | undefined; description?: string | null | undefined; ... 8 more ...; lastExecutionDate?: Date | ... 1 more ... | undefined; }, any, TFieldValues> | undefined' is not assignable to type 'Resolver<{ name: string; type: string; category: string; amount: string; frequency: string; nextExecutionDate: Date; clientId?: number | null | undefined; description?: string | null | undefined; ... 8 more ...; lastExecutionDate?: Date | ... 1 more ... | undefined; }, any, { ...; }> | undefined'.
      Type 'Resolver<{ name: string; type: string; category: string; amount: string; frequency: string; nextExecutionDate: Date; clientId?: number | null | undefined; description?: string | null | undefined; ... 8 more ...; lastExecutionDate?: Date | ... 1 more ... | undefined; }, any, TFieldValues>' is not assignable to type 'Resolver<{ name: string; type: string; category: string; amount: string; frequency: string; nextExecutionDate: Date; clientId?: number | null | undefined; description?: string | null | undefined; ... 8 more ...; lastExecutionDate?: Date | ... 1 more ... | undefined; }, any, { ...; }>'.
        Type 'ResolverResult<{ name: string; type: string; category: string; amount: string; frequency: string; nextExecutionDate: Date; clientId?: number | null | undefined; description?: string | null | undefined; ... 8 more ...; lastExecutionDate?: Date | ... 1 more ... | undefined; }, TFieldValues> | Promise<...>' is not assignable to type 'ResolverResult<{ name: string; type: string; category: string; amount: string; frequency: string; nextExecutionDate: Date; clientId?: number | null | undefined; description?: string | null | undefined; ... 8 more ...; lastExecutionDate?: Date | ... 1 more ... | undefined; }, { ...; }> | Promise<...>'.
          Type 'ResolverSuccess<TFieldValues>' is not assignable to type 'ResolverResult<{ name: string; type: string; category: string; amount: string; frequency: string; nextExecutionDate: Date; clientId?: number | null | undefined; description?: string | null | undefined; ... 8 more ...; lastExecutionDate?: Date | ... 1 more ... | undefined; }, { ...; }> | Promise<...>'.
            Type 'ResolverSuccess<TFieldValues>' is not assignable to type 'ResolverSuccess<{ name: string; type: string; category: string; amount: string; frequency: string; nextExecutionDate: Date; clientId?: number | null | undefined; description?: string | null | undefined; ... 8 more ...; lastExecutionDate?: Date | ... 1 more ... | undefined; }>'.
              Type 'TFieldValues' is not assignable to type '{ name: string; type: string; category: string; amount: string; frequency: string; nextExecutionDate: Date; clientId?: number | null | undefined; description?: string | null | undefined; ... 8 more ...; lastExecutionDate?: Date | ... 1 more ... | undefined; }'.
                Type 'FieldValues' is missing the following properties from type '{ name: string; type: string; category: string; amount: string; frequency: string; nextExecutionDate: Date; clientId?: number | null | undefined; description?: string | null | undefined; ... 8 more ...; lastExecutionDate?: Date | ... 1 more ... | undefined; }': name, type, category, amount, and 2 more.
client/src/components/financial/recurring-form.tsx(394,37): error TS2322: Type 'Control<{ name: string; type: string; category: string; amount: string; frequency: string; nextExecutionDate: Date; clientId?: number | null | undefined; description?: string | null | undefined; ... 8 more ...; lastExecutionDate?: Date | ... 1 more ... | undefined; }, any, TFieldValues>' is not assignable to type 'Control<{ name: string; type: string; category: string; amount: string; frequency: string; nextExecutionDate: Date; clientId?: number | null | undefined; description?: string | null | undefined; ... 8 more ...; lastExecutionDate?: Date | ... 1 more ... | undefined; }, any, { ...; }>'.
  The types of '_options.resolver' are incompatible between these types.
    Type 'Resolver<{ name: string; type: string; category: string; amount: string; frequency: string; nextExecutionDate: Date; clientId?: number | null | undefined; description?: string | null | undefined; ... 8 more ...; lastExecutionDate?: Date | ... 1 more ... | undefined; }, any, TFieldValues> | undefined' is not assignable to type 'Resolver<{ name: string; type: string; category: string; amount: string; frequency: string; nextExecutionDate: Date; clientId?: number | null | undefined; description?: string | null | undefined; ... 8 more ...; lastExecutionDate?: Date | ... 1 more ... | undefined; }, any, { ...; }> | undefined'.
      Type 'Resolver<{ name: string; type: string; category: string; amount: string; frequency: string; nextExecutionDate: Date; clientId?: number | null | undefined; description?: string | null | undefined; ... 8 more ...; lastExecutionDate?: Date | ... 1 more ... | undefined; }, any, TFieldValues>' is not assignable to type 'Resolver<{ name: string; type: string; category: string; amount: string; frequency: string; nextExecutionDate: Date; clientId?: number | null | undefined; description?: string | null | undefined; ... 8 more ...; lastExecutionDate?: Date | ... 1 more ... | undefined; }, any, { ...; }>'.
        Type 'ResolverResult<{ name: string; type: string; category: string; amount: string; frequency: string; nextExecutionDate: Date; clientId?: number | null | undefined; description?: string | null | undefined; ... 8 more ...; lastExecutionDate?: Date | ... 1 more ... | undefined; }, TFieldValues> | Promise<...>' is not assignable to type 'ResolverResult<{ name: string; type: string; category: string; amount: string; frequency: string; nextExecutionDate: Date; clientId?: number | null | undefined; description?: string | null | undefined; ... 8 more ...; lastExecutionDate?: Date | ... 1 more ... | undefined; }, { ...; }> | Promise<...>'.
          Type 'ResolverSuccess<TFieldValues>' is not assignable to type 'ResolverResult<{ name: string; type: string; category: string; amount: string; frequency: string; nextExecutionDate: Date; clientId?: number | null | undefined; description?: string | null | undefined; ... 8 more ...; lastExecutionDate?: Date | ... 1 more ... | undefined; }, { ...; }> | Promise<...>'.
            Type 'ResolverSuccess<TFieldValues>' is not assignable to type 'ResolverSuccess<{ name: string; type: string; category: string; amount: string; frequency: string; nextExecutionDate: Date; clientId?: number | null | undefined; description?: string | null | undefined; ... 8 more ...; lastExecutionDate?: Date | ... 1 more ... | undefined; }>'.
              Type 'TFieldValues' is not assignable to type '{ name: string; type: string; category: string; amount: string; frequency: string; nextExecutionDate: Date; clientId?: number | null | undefined; description?: string | null | undefined; ... 8 more ...; lastExecutionDate?: Date | ... 1 more ... | undefined; }'.
                Type 'FieldValues' is missing the following properties from type '{ name: string; type: string; category: string; amount: string; frequency: string; nextExecutionDate: Date; clientId?: number | null | undefined; description?: string | null | undefined; ... 8 more ...; lastExecutionDate?: Date | ... 1 more ... | undefined; }': name, type, category, amount, and 2 more.
client/src/components/financial/recurring-form.tsx(411,37): error TS2322: Type 'Control<{ name: string; type: string; category: string; amount: string; frequency: string; nextExecutionDate: Date; clientId?: number | null | undefined; description?: string | null | undefined; ... 8 more ...; lastExecutionDate?: Date | ... 1 more ... | undefined; }, any, TFieldValues>' is not assignable to type 'Control<{ name: string; type: string; category: string; amount: string; frequency: string; nextExecutionDate: Date; clientId?: number | null | undefined; description?: string | null | undefined; ... 8 more ...; lastExecutionDate?: Date | ... 1 more ... | undefined; }, any, { ...; }>'.
  The types of '_options.resolver' are incompatible between these types.
    Type 'Resolver<{ name: string; type: string; category: string; amount: string; frequency: string; nextExecutionDate: Date; clientId?: number | null | undefined; description?: string | null | undefined; ... 8 more ...; lastExecutionDate?: Date | ... 1 more ... | undefined; }, any, TFieldValues> | undefined' is not assignable to type 'Resolver<{ name: string; type: string; category: string; amount: string; frequency: string; nextExecutionDate: Date; clientId?: number | null | undefined; description?: string | null | undefined; ... 8 more ...; lastExecutionDate?: Date | ... 1 more ... | undefined; }, any, { ...; }> | undefined'.
      Type 'Resolver<{ name: string; type: string; category: string; amount: string; frequency: string; nextExecutionDate: Date; clientId?: number | null | undefined; description?: string | null | undefined; ... 8 more ...; lastExecutionDate?: Date | ... 1 more ... | undefined; }, any, TFieldValues>' is not assignable to type 'Resolver<{ name: string; type: string; category: string; amount: string; frequency: string; nextExecutionDate: Date; clientId?: number | null | undefined; description?: string | null | undefined; ... 8 more ...; lastExecutionDate?: Date | ... 1 more ... | undefined; }, any, { ...; }>'.
        Type 'ResolverResult<{ name: string; type: string; category: string; amount: string; frequency: string; nextExecutionDate: Date; clientId?: number | null | undefined; description?: string | null | undefined; ... 8 more ...; lastExecutionDate?: Date | ... 1 more ... | undefined; }, TFieldValues> | Promise<...>' is not assignable to type 'ResolverResult<{ name: string; type: string; category: string; amount: string; frequency: string; nextExecutionDate: Date; clientId?: number | null | undefined; description?: string | null | undefined; ... 8 more ...; lastExecutionDate?: Date | ... 1 more ... | undefined; }, { ...; }> | Promise<...>'.
          Type 'ResolverSuccess<TFieldValues>' is not assignable to type 'ResolverResult<{ name: string; type: string; category: string; amount: string; frequency: string; nextExecutionDate: Date; clientId?: number | null | undefined; description?: string | null | undefined; ... 8 more ...; lastExecutionDate?: Date | ... 1 more ... | undefined; }, { ...; }> | Promise<...>'.
            Type 'ResolverSuccess<TFieldValues>' is not assignable to type 'ResolverSuccess<{ name: string; type: string; category: string; amount: string; frequency: string; nextExecutionDate: Date; clientId?: number | null | undefined; description?: string | null | undefined; ... 8 more ...; lastExecutionDate?: Date | ... 1 more ... | undefined; }>'.
              Type 'TFieldValues' is not assignable to type '{ name: string; type: string; category: string; amount: string; frequency: string; nextExecutionDate: Date; clientId?: number | null | undefined; description?: string | null | undefined; ... 8 more ...; lastExecutionDate?: Date | ... 1 more ... | undefined; }'.
                Type 'FieldValues' is missing the following properties from type '{ name: string; type: string; category: string; amount: string; frequency: string; nextExecutionDate: Date; clientId?: number | null | undefined; description?: string | null | undefined; ... 8 more ...; lastExecutionDate?: Date | ... 1 more ... | undefined; }': name, type, category, amount, and 2 more.
client/src/components/financial/recurring-form.tsx(443,29): error TS2322: Type 'Control<{ name: string; type: string; category: string; amount: string; frequency: string; nextExecutionDate: Date; clientId?: number | null | undefined; description?: string | null | undefined; ... 8 more ...; lastExecutionDate?: Date | ... 1 more ... | undefined; }, any, TFieldValues>' is not assignable to type 'Control<{ name: string; type: string; category: string; amount: string; frequency: string; nextExecutionDate: Date; clientId?: number | null | undefined; description?: string | null | undefined; ... 8 more ...; lastExecutionDate?: Date | ... 1 more ... | undefined; }, any, { ...; }>'.
  The types of '_options.resolver' are incompatible between these types.
    Type 'Resolver<{ name: string; type: string; category: string; amount: string; frequency: string; nextExecutionDate: Date; clientId?: number | null | undefined; description?: string | null | undefined; ... 8 more ...; lastExecutionDate?: Date | ... 1 more ... | undefined; }, any, TFieldValues> | undefined' is not assignable to type 'Resolver<{ name: string; type: string; category: string; amount: string; frequency: string; nextExecutionDate: Date; clientId?: number | null | undefined; description?: string | null | undefined; ... 8 more ...; lastExecutionDate?: Date | ... 1 more ... | undefined; }, any, { ...; }> | undefined'.
      Type 'Resolver<{ name: string; type: string; category: string; amount: string; frequency: string; nextExecutionDate: Date; clientId?: number | null | undefined; description?: string | null | undefined; ... 8 more ...; lastExecutionDate?: Date | ... 1 more ... | undefined; }, any, TFieldValues>' is not assignable to type 'Resolver<{ name: string; type: string; category: string; amount: string; frequency: string; nextExecutionDate: Date; clientId?: number | null | undefined; description?: string | null | undefined; ... 8 more ...; lastExecutionDate?: Date | ... 1 more ... | undefined; }, any, { ...; }>'.
        Type 'ResolverResult<{ name: string; type: string; category: string; amount: string; frequency: string; nextExecutionDate: Date; clientId?: number | null | undefined; description?: string | null | undefined; ... 8 more ...; lastExecutionDate?: Date | ... 1 more ... | undefined; }, TFieldValues> | Promise<...>' is not assignable to type 'ResolverResult<{ name: string; type: string; category: string; amount: string; frequency: string; nextExecutionDate: Date; clientId?: number | null | undefined; description?: string | null | undefined; ... 8 more ...; lastExecutionDate?: Date | ... 1 more ... | undefined; }, { ...; }> | Promise<...>'.
          Type 'ResolverSuccess<TFieldValues>' is not assignable to type 'ResolverResult<{ name: string; type: string; category: string; amount: string; frequency: string; nextExecutionDate: Date; clientId?: number | null | undefined; description?: string | null | undefined; ... 8 more ...; lastExecutionDate?: Date | ... 1 more ... | undefined; }, { ...; }> | Promise<...>'.
            Type 'ResolverSuccess<TFieldValues>' is not assignable to type 'ResolverSuccess<{ name: string; type: string; category: string; amount: string; frequency: string; nextExecutionDate: Date; clientId?: number | null | undefined; description?: string | null | undefined; ... 8 more ...; lastExecutionDate?: Date | ... 1 more ... | undefined; }>'.
              Type 'TFieldValues' is not assignable to type '{ name: string; type: string; category: string; amount: string; frequency: string; nextExecutionDate: Date; clientId?: number | null | undefined; description?: string | null | undefined; ... 8 more ...; lastExecutionDate?: Date | ... 1 more ... | undefined; }'.
                Type 'FieldValues' is missing the following properties from type '{ name: string; type: string; category: string; amount: string; frequency: string; nextExecutionDate: Date; clientId?: number | null | undefined; description?: string | null | undefined; ... 8 more ...; lastExecutionDate?: Date | ... 1 more ... | undefined; }': name, type, category, amount, and 2 more.
client/src/components/financial/recurring-form.tsx(457,29): error TS2322: Type 'Control<{ name: string; type: string; category: string; amount: string; frequency: string; nextExecutionDate: Date; clientId?: number | null | undefined; description?: string | null | undefined; ... 8 more ...; lastExecutionDate?: Date | ... 1 more ... | undefined; }, any, TFieldValues>' is not assignable to type 'Control<{ name: string; type: string; category: string; amount: string; frequency: string; nextExecutionDate: Date; clientId?: number | null | undefined; description?: string | null | undefined; ... 8 more ...; lastExecutionDate?: Date | ... 1 more ... | undefined; }, any, { ...; }>'.
  The types of '_options.resolver' are incompatible between these types.
    Type 'Resolver<{ name: string; type: string; category: string; amount: string; frequency: string; nextExecutionDate: Date; clientId?: number | null | undefined; description?: string | null | undefined; ... 8 more ...; lastExecutionDate?: Date | ... 1 more ... | undefined; }, any, TFieldValues> | undefined' is not assignable to type 'Resolver<{ name: string; type: string; category: string; amount: string; frequency: string; nextExecutionDate: Date; clientId?: number | null | undefined; description?: string | null | undefined; ... 8 more ...; lastExecutionDate?: Date | ... 1 more ... | undefined; }, any, { ...; }> | undefined'.
      Type 'Resolver<{ name: string; type: string; category: string; amount: string; frequency: string; nextExecutionDate: Date; clientId?: number | null | undefined; description?: string | null | undefined; ... 8 more ...; lastExecutionDate?: Date | ... 1 more ... | undefined; }, any, TFieldValues>' is not assignable to type 'Resolver<{ name: string; type: string; category: string; amount: string; frequency: string; nextExecutionDate: Date; clientId?: number | null | undefined; description?: string | null | undefined; ... 8 more ...; lastExecutionDate?: Date | ... 1 more ... | undefined; }, any, { ...; }>'.
        Type 'ResolverResult<{ name: string; type: string; category: string; amount: string; frequency: string; nextExecutionDate: Date; clientId?: number | null | undefined; description?: string | null | undefined; ... 8 more ...; lastExecutionDate?: Date | ... 1 more ... | undefined; }, TFieldValues> | Promise<...>' is not assignable to type 'ResolverResult<{ name: string; type: string; category: string; amount: string; frequency: string; nextExecutionDate: Date; clientId?: number | null | undefined; description?: string | null | undefined; ... 8 more ...; lastExecutionDate?: Date | ... 1 more ... | undefined; }, { ...; }> | Promise<...>'.
          Type 'ResolverSuccess<TFieldValues>' is not assignable to type 'ResolverResult<{ name: string; type: string; category: string; amount: string; frequency: string; nextExecutionDate: Date; clientId?: number | null | undefined; description?: string | null | undefined; ... 8 more ...; lastExecutionDate?: Date | ... 1 more ... | undefined; }, { ...; }> | Promise<...>'.
            Type 'ResolverSuccess<TFieldValues>' is not assignable to type 'ResolverSuccess<{ name: string; type: string; category: string; amount: string; frequency: string; nextExecutionDate: Date; clientId?: number | null | undefined; description?: string | null | undefined; ... 8 more ...; lastExecutionDate?: Date | ... 1 more ... | undefined; }>'.
              Type 'TFieldValues' is not assignable to type '{ name: string; type: string; category: string; amount: string; frequency: string; nextExecutionDate: Date; clientId?: number | null | undefined; description?: string | null | undefined; ... 8 more ...; lastExecutionDate?: Date | ... 1 more ... | undefined; }'.
                Type 'FieldValues' is missing the following properties from type '{ name: string; type: string; category: string; amount: string; frequency: string; nextExecutionDate: Date; clientId?: number | null | undefined; description?: string | null | undefined; ... 8 more ...; lastExecutionDate?: Date | ... 1 more ... | undefined; }': name, type, category, amount, and 2 more.
client/src/pages/finanzas.tsx(92,9): error TS2769: No overload matches this call.
  Overload 1 of 3, '(options: DefinedInitialDataOptions<FinancialSummary, Error, FinancialSummary, QueryKey>, queryClient?: QueryClient | undefined): DefinedUseQueryResult<...>', gave the following error.
    Type '(startDate?: Date | undefined, endDate?: Date | undefined) => Promise<FinancialSummary>' is not assignable to type 'unique symbol | QueryFunction<FinancialSummary, QueryKey, never> | undefined'.
      Type '(startDate?: Date | undefined, endDate?: Date | undefined) => Promise<FinancialSummary>' is not assignable to type 'QueryFunction<FinancialSummary, QueryKey, never>'.
        Types of parameters 'startDate' and 'context' are incompatible.
          Type '{ queryKey: QueryKey; signal: AbortSignal; meta: Record<string, unknown> | undefined; pageParam?: unknown; direction?: unknown; }' is missing the following properties from type 'Date': toDateString, toTimeString, toLocaleDateString, toLocaleTimeString, and 37 more.
  Overload 2 of 3, '(options: UndefinedInitialDataOptions<FinancialSummary, Error, FinancialSummary, QueryKey>, queryClient?: QueryClient | undefined): UseQueryResult<...>', gave the following error.
    Type '(startDate?: Date | undefined, endDate?: Date | undefined) => Promise<FinancialSummary>' is not assignable to type 'unique symbol | QueryFunction<FinancialSummary, QueryKey, never> | undefined'.
      Type '(startDate?: Date | undefined, endDate?: Date | undefined) => Promise<FinancialSummary>' is not assignable to type 'QueryFunction<FinancialSummary, QueryKey, never>'.
        Types of parameters 'startDate' and 'context' are incompatible.
          Type '{ queryKey: QueryKey; signal: AbortSignal; meta: Record<string, unknown> | undefined; pageParam?: unknown; direction?: unknown; }' is missing the following properties from type 'Date': toDateString, toTimeString, toLocaleDateString, toLocaleTimeString, and 37 more.
  Overload 3 of 3, '(options: UseQueryOptions<FinancialSummary, Error, FinancialSummary, QueryKey>, queryClient?: QueryClient | undefined): UseQueryResult<...>', gave the following error.
    Type '(startDate?: Date | undefined, endDate?: Date | undefined) => Promise<FinancialSummary>' is not assignable to type 'unique symbol | QueryFunction<FinancialSummary, QueryKey, never> | undefined'.
      Type '(startDate?: Date | undefined, endDate?: Date | undefined) => Promise<FinancialSummary>' is not assignable to type 'QueryFunction<FinancialSummary, QueryKey, never>'.
        Types of parameters 'startDate' and 'context' are incompatible.
          Type '{ queryKey: QueryKey; signal: AbortSignal; meta: Record<string, unknown> | undefined; pageParam?: unknown; direction?: unknown; }' is missing the following properties from type 'Date': toDateString, toTimeString, toLocaleDateString, toLocaleTimeString, and 37 more.
client/src/pages/finanzas.tsx(97,9): error TS2769: No overload matches this call.
  Overload 1 of 3, '(options: DefinedInitialDataOptions<{ id: number; name: string; type: string; createdAt: Date; updatedAt: Date; clientId: number | null; description: string | null; isActive: boolean; category: string; amount: string; ... 9 more ...; lastExecutionDate: Date | null; }[], Error, { ...; }[], string[]>, queryClient?: QueryClient | undefined): DefinedUseQueryResult<...>', gave the following error.
    Type '(year?: number | undefined, month?: number | undefined) => Promise<{ id: number; name: string; type: string; createdAt: Date; updatedAt: Date; clientId: number | null; description: string | null; ... 12 more ...; lastExecutionDate: Date | null; }[]>' is not assignable to type 'unique symbol | QueryFunction<{ id: number; name: string; type: string; createdAt: Date; updatedAt: Date; clientId: number | null; description: string | null; isActive: boolean; category: string; ... 10 more ...; lastExecutionDate: Date | null; }[], string[], never> | undefined'.
      Type '(year?: number | undefined, month?: number | undefined) => Promise<{ id: number; name: string; type: string; createdAt: Date; updatedAt: Date; clientId: number | null; description: string | null; ... 12 more ...; lastExecutionDate: Date | null; }[]>' is not assignable to type 'QueryFunction<{ id: number; name: string; type: string; createdAt: Date; updatedAt: Date; clientId: number | null; description: string | null; isActive: boolean; category: string; amount: string; ... 9 more ...; lastExecutionDate: Date | null; }[], string[], never>'.
        Types of parameters 'year' and 'context' are incompatible.
          Type '{ queryKey: string[]; signal: AbortSignal; meta: Record<string, unknown> | undefined; pageParam?: unknown; direction?: unknown; }' is not assignable to type 'number'.
  Overload 2 of 3, '(options: UndefinedInitialDataOptions<{ id: number; name: string; type: string; createdAt: Date; updatedAt: Date; clientId: number | null; description: string | null; isActive: boolean; category: string; amount: string; ... 9 more ...; lastExecutionDate: Date | null; }[], Error, { ...; }[], string[]>, queryClient?: QueryClient | undefined): UseQueryResult<...>', gave the following error.
    Type '(year?: number | undefined, month?: number | undefined) => Promise<{ id: number; name: string; type: string; createdAt: Date; updatedAt: Date; clientId: number | null; description: string | null; ... 12 more ...; lastExecutionDate: Date | null; }[]>' is not assignable to type 'unique symbol | QueryFunction<{ id: number; name: string; type: string; createdAt: Date; updatedAt: Date; clientId: number | null; description: string | null; isActive: boolean; category: string; ... 10 more ...; lastExecutionDate: Date | null; }[], string[], never> | undefined'.
      Type '(year?: number | undefined, month?: number | undefined) => Promise<{ id: number; name: string; type: string; createdAt: Date; updatedAt: Date; clientId: number | null; description: string | null; ... 12 more ...; lastExecutionDate: Date | null; }[]>' is not assignable to type 'QueryFunction<{ id: number; name: string; type: string; createdAt: Date; updatedAt: Date; clientId: number | null; description: string | null; isActive: boolean; category: string; amount: string; ... 9 more ...; lastExecutionDate: Date | null; }[], string[], never>'.
        Types of parameters 'year' and 'context' are incompatible.
          Type '{ queryKey: string[]; signal: AbortSignal; meta: Record<string, unknown> | undefined; pageParam?: unknown; direction?: unknown; }' is not assignable to type 'number'.
  Overload 3 of 3, '(options: UseQueryOptions<{ id: number; name: string; type: string; createdAt: Date; updatedAt: Date; clientId: number | null; description: string | null; isActive: boolean; category: string; amount: string; ... 9 more ...; lastExecutionDate: Date | null; }[], Error, { ...; }[], string[]>, queryClient?: QueryClient | undefined): UseQueryResult<...>', gave the following error.
    Type '(year?: number | undefined, month?: number | undefined) => Promise<{ id: number; name: string; type: string; createdAt: Date; updatedAt: Date; clientId: number | null; description: string | null; ... 12 more ...; lastExecutionDate: Date | null; }[]>' is not assignable to type 'unique symbol | QueryFunction<{ id: number; name: string; type: string; createdAt: Date; updatedAt: Date; clientId: number | null; description: string | null; isActive: boolean; category: string; ... 10 more ...; lastExecutionDate: Date | null; }[], string[], never> | undefined'.
      Type '(year?: number | undefined, month?: number | undefined) => Promise<{ id: number; name: string; type: string; createdAt: Date; updatedAt: Date; clientId: number | null; description: string | null; ... 12 more ...; lastExecutionDate: Date | null; }[]>' is not assignable to type 'QueryFunction<{ id: number; name: string; type: string; createdAt: Date; updatedAt: Date; clientId: number | null; description: string | null; isActive: boolean; category: string; amount: string; ... 9 more ...; lastExecutionDate: Date | null; }[], string[], never>'.
        Types of parameters 'year' and 'context' are incompatible.
          Type '{ queryKey: string[]; signal: AbortSignal; meta: Record<string, unknown> | undefined; pageParam?: unknown; direction?: unknown; }' is not assignable to type 'number'.
client/src/pages/finanzas.tsx(102,9): error TS2769: No overload matches this call.
  Overload 1 of 3, '(options: DefinedInitialDataOptions<{ id: number; name: string; type: string; createdAt: Date; updatedAt: Date; clientId: number | null; description: string | null; isActive: boolean; category: string; amount: string; ... 9 more ...; lastExecutionDate: Date | null; }[], Error, { ...; }[], string[]>, queryClient?: QueryClient | undefined): DefinedUseQueryResult<...>', gave the following error.
    Type '(year?: number | undefined, month?: number | undefined) => Promise<{ id: number; name: string; type: string; createdAt: Date; updatedAt: Date; clientId: number | null; description: string | null; ... 12 more ...; lastExecutionDate: Date | null; }[]>' is not assignable to type 'unique symbol | QueryFunction<{ id: number; name: string; type: string; createdAt: Date; updatedAt: Date; clientId: number | null; description: string | null; isActive: boolean; category: string; ... 10 more ...; lastExecutionDate: Date | null; }[], string[], never> | undefined'.
      Type '(year?: number | undefined, month?: number | undefined) => Promise<{ id: number; name: string; type: string; createdAt: Date; updatedAt: Date; clientId: number | null; description: string | null; ... 12 more ...; lastExecutionDate: Date | null; }[]>' is not assignable to type 'QueryFunction<{ id: number; name: string; type: string; createdAt: Date; updatedAt: Date; clientId: number | null; description: string | null; isActive: boolean; category: string; amount: string; ... 9 more ...; lastExecutionDate: Date | null; }[], string[], never>'.
        Types of parameters 'year' and 'context' are incompatible.
          Type '{ queryKey: string[]; signal: AbortSignal; meta: Record<string, unknown> | undefined; pageParam?: unknown; direction?: unknown; }' is not assignable to type 'number'.
  Overload 2 of 3, '(options: UndefinedInitialDataOptions<{ id: number; name: string; type: string; createdAt: Date; updatedAt: Date; clientId: number | null; description: string | null; isActive: boolean; category: string; amount: string; ... 9 more ...; lastExecutionDate: Date | null; }[], Error, { ...; }[], string[]>, queryClient?: QueryClient | undefined): UseQueryResult<...>', gave the following error.
    Type '(year?: number | undefined, month?: number | undefined) => Promise<{ id: number; name: string; type: string; createdAt: Date; updatedAt: Date; clientId: number | null; description: string | null; ... 12 more ...; lastExecutionDate: Date | null; }[]>' is not assignable to type 'unique symbol | QueryFunction<{ id: number; name: string; type: string; createdAt: Date; updatedAt: Date; clientId: number | null; description: string | null; isActive: boolean; category: string; ... 10 more ...; lastExecutionDate: Date | null; }[], string[], never> | undefined'.
      Type '(year?: number | undefined, month?: number | undefined) => Promise<{ id: number; name: string; type: string; createdAt: Date; updatedAt: Date; clientId: number | null; description: string | null; ... 12 more ...; lastExecutionDate: Date | null; }[]>' is not assignable to type 'QueryFunction<{ id: number; name: string; type: string; createdAt: Date; updatedAt: Date; clientId: number | null; description: string | null; isActive: boolean; category: string; amount: string; ... 9 more ...; lastExecutionDate: Date | null; }[], string[], never>'.
        Types of parameters 'year' and 'context' are incompatible.
          Type '{ queryKey: string[]; signal: AbortSignal; meta: Record<string, unknown> | undefined; pageParam?: unknown; direction?: unknown; }' is not assignable to type 'number'.
  Overload 3 of 3, '(options: UseQueryOptions<{ id: number; name: string; type: string; createdAt: Date; updatedAt: Date; clientId: number | null; description: string | null; isActive: boolean; category: string; amount: string; ... 9 more ...; lastExecutionDate: Date | null; }[], Error, { ...; }[], string[]>, queryClient?: QueryClient | undefined): UseQueryResult<...>', gave the following error.
    Type '(year?: number | undefined, month?: number | undefined) => Promise<{ id: number; name: string; type: string; createdAt: Date; updatedAt: Date; clientId: number | null; description: string | null; ... 12 more ...; lastExecutionDate: Date | null; }[]>' is not assignable to type 'unique symbol | QueryFunction<{ id: number; name: string; type: string; createdAt: Date; updatedAt: Date; clientId: number | null; description: string | null; isActive: boolean; category: string; ... 10 more ...; lastExecutionDate: Date | null; }[], string[], never> | undefined'.
      Type '(year?: number | undefined, month?: number | undefined) => Promise<{ id: number; name: string; type: string; createdAt: Date; updatedAt: Date; clientId: number | null; description: string | null; ... 12 more ...; lastExecutionDate: Date | null; }[]>' is not assignable to type 'QueryFunction<{ id: number; name: string; type: string; createdAt: Date; updatedAt: Date; clientId: number | null; description: string | null; isActive: boolean; category: string; amount: string; ... 9 more ...; lastExecutionDate: Date | null; }[], string[], never>'.
        Types of parameters 'year' and 'context' are incompatible.
          Type '{ queryKey: string[]; signal: AbortSignal; meta: Record<string, unknown> | undefined; pageParam?: unknown; direction?: unknown; }' is not assignable to type 'number'.
client/src/pages/finanzas.tsx(148,23): error TS2339: Property 'monthlyStats' does not exist on type 'NonNullable<TQueryFnData>'.
client/src/pages/finanzas.tsx(149,24): error TS2339: Property 'monthlyStats' does not exist on type 'NonNullable<TQueryFnData>'.
client/src/pages/finanzas.tsx(149,63): error TS7006: Parameter 'stat' implicitly has an 'any' type.
client/src/pages/finanzas.tsx(218,61): error TS2339: Property 'totalIncome' does not exist on type 'NonNullable<TQueryFnData>'.
client/src/pages/finanzas.tsx(234,61): error TS2339: Property 'totalExpenses' does not exist on type 'NonNullable<TQueryFnData>'.
client/src/pages/finanzas.tsx(249,83): error TS2339: Property 'netIncome' does not exist on type 'NonNullable<TQueryFnData>'.
client/src/pages/finanzas.tsx(250,61): error TS2339: Property 'netIncome' does not exist on type 'NonNullable<TQueryFnData>'.
client/src/pages/finanzas.tsx(307,94): error TS2345: Argument of type '{ id: number; }' is not assignable to parameter of type 'number'.
client/src/pages/finanzas.tsx(360,94): error TS2345: Argument of type '{ id: number; }' is not assignable to parameter of type 'number'.
scripts/apply_fiscal_migration.ts(2,20): error TS2307: Cannot find module '../server/db' or its corresponding type declarations.
scripts/recurring_migration.ts(2,20): error TS2307: Cannot find module '../server/db' or its corresponding type declarations.
scripts/seed-ads.ts(1,25): error TS2307: Cannot find module './storage' or its corresponding type declarations.
scripts/seed-ads.ts(217,31): error TS7006: Parameter 'c' implicitly has an 'any' type.
scripts/seed-ads.ts(217,34): error TS7006: Parameter 'i' implicitly has an 'any' type.
scripts/seed.ts(2,25): error TS2307: Cannot find module './storage' or its corresponding type declarations.
server/controllers/agent.ts(163,21): error TS2353: Object literal may only specify known properties, and 'name' does not exist in type 'ChatCompletionToolMessageParam'.
server/controllers/agent.ts(184,41): error TS2345: Argument of type 'string | ChatCompletionContentPartText[]' is not assignable to parameter of type 'string'.
  Type 'ChatCompletionContentPartText[]' is not assignable to type 'string'.
shared/schema.ts(466,3): error TS1117: An object literal cannot have multiple properties with the same name.
